warning: value assigned to `right_plan` is never read
  --> crates\tsql_core\src\executor\query_planner.rs:48:13
   |
48 |             right_plan = LogicalPlan::Pivot {
   |             ^^^^^^^^^^
   |
   = help: maybe it is overwritten before being read?
   = note: `#[warn(unused_assignments)]` (part of `#[warn(unused)]`) on by default

warning: value assigned to `right_plan` is never read
  --> crates\tsql_core\src\executor\query_planner.rs:54:13
   |
54 |             right_plan = LogicalPlan::Unpivot {
   |             ^^^^^^^^^^
   |
   = help: maybe it is overwritten before being read?

warning: `tsql_core` (lib) generated 2 warnings
warning: unused import: `types::Value`
 --> crates\tsql_core\tests\sys_foreign_keys.rs:1:28
  |
1 | use tsql_core::{parse_sql, types::Value, Engine};
  |                            ^^^^^^^^^^^^
  |
  = note: `#[warn(unused_imports)]` (part of `#[warn(unused)]`) on by default

warning: `tsql_core` (test "sys_foreign_keys") generated 1 warning (run `cargo fix --test "sys_foreign_keys" -p tsql_core` to apply 1 suggestion)
warning: `tsql_core` (lib test) generated 2 warnings (2 duplicates)
    Finished `test` profile [unoptimized + debuginfo] target(s) in 0.28s
     Running unittests src\lib.rs (target\debug\deps\tsql_core-19801c7be5240e74.exe)

running 0 tests
     Running tests\builtins_and_aggregates.rs (target\debug\deps\builtins_and_aggregates-cef78197ae35b5f6.exe)

test result: ok. 0 passed; 0 failed; 0 ignored; 0 measured; 13 filtered out; finished in 0.00s


running 0 tests

test result: ok. 0 passed; 0 failed; 0 ignored; 0 measured; 24 filtered out; finished in 0.00s

     Running tests\cross_join_apply.rs (target\debug\deps\cross_join_apply-5075fe43a3a3d57f.exe)

running 0 tests

test result: ok. 0 passed; 0 failed; 0 ignored; 0 measured; 8 filtered out; finished in 0.00s

     Running tests\cursor_extended_test.rs (target\debug\deps\cursor_extended_test-d725898c0752d227.exe)

running 0 tests

test result: ok. 0 passed; 0 failed; 0 ignored; 0 measured; 2 filtered out; finished in 0.00s

     Running tests\ddl_advanced.rs (target\debug\deps\ddl_advanced-f11c4daa4c3c45ac.exe)

running 0 tests

test result: ok. 0 passed; 0 failed; 0 ignored; 0 measured; 4 filtered out; finished in 0.00s

     Running tests\dml_enhanced_test.rs (target\debug\deps\dml_enhanced_test-c49a853936f6f7ef.exe)

running 0 tests

test result: ok. 0 passed; 0 failed; 0 ignored; 0 measured; 4 filtered out; finished in 0.00s

     Running tests\example.rs (target\debug\deps\example-3e290ad07bc5a065.exe)

running 0 tests

test result: ok. 0 passed; 0 failed; 0 ignored; 0 measured; 1 filtered out; finished in 0.00s

     Running tests\info_schema_parameters.rs (target\debug\deps\info_schema_parameters-08422c18b6f17c20.exe)

running 0 tests

test result: ok. 0 passed; 0 failed; 0 ignored; 0 measured; 3 filtered out; finished in 0.00s

     Running tests\information_schema.rs (target\debug\deps\information_schema-6a9a774e71e63fd0.exe)

running 0 tests

test result: ok. 0 passed; 0 failed; 0 ignored; 0 measured; 22 filtered out; finished in 0.00s

     Running tests\integration.rs (target\debug\deps\integration-de6456564ab7dfce.exe)

running 0 tests

test result: ok. 0 passed; 0 failed; 0 ignored; 0 measured; 7 filtered out; finished in 0.00s

     Running tests\merge_statement.rs (target\debug\deps\merge_statement-811cd2020f44ff1d.exe)

running 0 tests

test result: ok. 0 passed; 0 failed; 0 ignored; 0 measured; 1 filtered out; finished in 0.00s

     Running tests\new_types.rs (target\debug\deps\new_types-4fc6d1ed769ad79b.exe)

running 0 tests

test result: ok. 0 passed; 0 failed; 0 ignored; 0 measured; 34 filtered out; finished in 0.00s

     Running tests\persistence_redb.rs (target\debug\deps\persistence_redb-251f5701aeb513d8.exe)

running 0 tests

test result: ok. 0 passed; 0 failed; 0 ignored; 0 measured; 2 filtered out; finished in 0.00s

     Running tests\phase1_expressions.rs (target\debug\deps\phase1_expressions-f44efdb8506f7cc3.exe)

running 0 tests

test result: ok. 0 passed; 0 failed; 0 ignored; 0 measured; 50 filtered out; finished in 0.00s

     Running tests\phase2_relational.rs (target\debug\deps\phase2_relational-a6e3243485400cdd.exe)

running 0 tests

test result: ok. 0 passed; 0 failed; 0 ignored; 0 measured; 16 filtered out; finished in 0.00s

     Running tests\phase3_ddl.rs (target\debug\deps\phase3_ddl-55f8cf3ef44e0ca3.exe)

running 0 tests

test result: ok. 0 passed; 0 failed; 0 ignored; 0 measured; 5 filtered out; finished in 0.00s

     Running tests\phase3_errors_rowcount.rs (target\debug\deps\phase3_errors_rowcount-d5c04274a80039bc.exe)

running 0 tests

test result: ok. 0 passed; 0 failed; 0 ignored; 0 measured; 3 filtered out; finished in 0.00s

     Running tests\phase3_indexes_constraints.rs (target\debug\deps\phase3_indexes_constraints-44d6a64333fffaf4.exe)

running 0 tests

test result: ok. 0 passed; 0 failed; 0 ignored; 0 measured; 6 filtered out; finished in 0.00s

     Running tests\phase3_metadata.rs (target\debug\deps\phase3_metadata-037d7e1613c422a7.exe)

running 0 tests

test result: ok. 0 passed; 0 failed; 0 ignored; 0 measured; 4 filtered out; finished in 0.00s

     Running tests\phase3_semantics.rs (target\debug\deps\phase3_semantics-7564fc85b8e554e9.exe)

running 0 tests

test result: ok. 0 passed; 0 failed; 0 ignored; 0 measured; 8 filtered out; finished in 0.00s

     Running tests\phase3_sql_variant.rs (target\debug\deps\phase3_sql_variant-ebf28c0daf0fe062.exe)

running 0 tests

test result: ok. 0 passed; 0 failed; 0 ignored; 0 measured; 3 filtered out; finished in 0.00s

     Running tests\phase4_programmability.rs (target\debug\deps\phase4_programmability-0c819a0324554838.exe)

running 0 tests

test result: ok. 0 passed; 0 failed; 0 ignored; 0 measured; 26 filtered out; finished in 0.00s

     Running tests\phase4_programmability_closure.rs (target\debug\deps\phase4_programmability_closure-b7dcff710afc158a.exe)

running 0 tests

test result: ok. 0 passed; 0 failed; 0 ignored; 0 measured; 11 filtered out; finished in 0.00s

     Running tests\phase5_concurrency_mvcc.rs (target\debug\deps\phase5_concurrency_mvcc-9488cc92edcb2513.exe)

running 0 tests

test result: ok. 0 passed; 0 failed; 0 ignored; 0 measured; 5 filtered out; finished in 0.00s

     Running tests\phase5_locking_recovery.rs (target\debug\deps\phase5_locking_recovery-6da8816a7517e26a.exe)

running 0 tests

test result: ok. 0 passed; 0 failed; 0 ignored; 0 measured; 4 filtered out; finished in 0.00s

     Running tests\phase5_transactions.rs (target\debug\deps\phase5_transactions-a6927ce030a5c4e5.exe)

running 0 tests

test result: ok. 0 passed; 0 failed; 0 ignored; 0 measured; 10 filtered out; finished in 0.00s

     Running tests\phase6_deterministic_seed.rs (target\debug\deps\phase6_deterministic_seed-475754aaeadf911b.exe)

running 0 tests

test result: ok. 0 passed; 0 failed; 0 ignored; 0 measured; 6 filtered out; finished in 0.00s

     Running tests\phase6_set_options_runtime.rs (target\debug\deps\phase6_set_options_runtime-98ff8dee54a585a5.exe)

running 0 tests

test result: ok. 0 passed; 0 failed; 0 ignored; 0 measured; 15 filtered out; finished in 0.00s

     Running tests\phase6_tooling.rs (target\debug\deps\phase6_tooling-4f487519871d8fc3.exe)

running 0 tests

test result: ok. 0 passed; 0 failed; 0 ignored; 0 measured; 13 filtered out; finished in 0.00s

     Running tests\phase8_compatibility_scorecard.rs (target\debug\deps\phase8_compatibility_scorecard-e0a8e429d109e852.exe)

running 0 tests

test result: ok. 0 passed; 0 failed; 0 ignored; 0 measured; 9 filtered out; finished in 0.00s

     Running tests\phase8_expression_differential.rs (target\debug\deps\phase8_expression_differential-af88d1116e19b4f4.exe)

running 0 tests

test result: ok. 0 passed; 0 failed; 0 ignored; 0 measured; 8 filtered out; finished in 0.00s

     Running tests\phase8_parser_fuzz.rs (target\debug\deps\phase8_parser_fuzz-741f56078354a72d.exe)

running 0 tests

test result: ok. 0 passed; 0 failed; 0 ignored; 0 measured; 5 filtered out; finished in 0.00s

     Running tests\phase8_performance.rs (target\debug\deps\phase8_performance-110ccc134c887557.exe)

running 0 tests

test result: ok. 0 passed; 0 failed; 0 ignored; 0 measured; 11 filtered out; finished in 0.00s

     Running tests\phase8_persistence.rs (target\debug\deps\phase8_persistence-aa52405cee9353af.exe)

running 0 tests

test result: ok. 0 passed; 0 failed; 0 ignored; 0 measured; 12 filtered out; finished in 0.00s

     Running tests\phase8_random_query.rs (target\debug\deps\phase8_random_query-e88fe482dfe8f7ea.exe)

running 0 tests

test result: ok. 0 passed; 0 failed; 0 ignored; 0 measured; 8 filtered out; finished in 0.00s

     Running tests\phase9_dml_advanced.rs (target\debug\deps\phase9_dml_advanced-631d59fc01c893a5.exe)

running 0 tests

test result: ok. 0 passed; 0 failed; 0 ignored; 0 measured; 23 filtered out; finished in 0.00s

     Running tests\phase9_window_functions.rs (target\debug\deps\phase9_window_functions-170358fdeac5ffa2.exe)

running 0 tests

test result: ok. 0 passed; 0 failed; 0 ignored; 0 measured; 10 filtered out; finished in 0.00s

     Running tests\procedural_output_test.rs (target\debug\deps\procedural_output_test-1b882a77d14c54c9.exe)

running 0 tests

test result: ok. 0 passed; 0 failed; 0 ignored; 0 measured; 3 filtered out; finished in 0.00s

     Running tests\r7_current_date.rs (target\debug\deps\r7_current_date-eb8f1dcf985dd335.exe)

running 0 tests

test result: ok. 0 passed; 0 failed; 0 ignored; 0 measured; 4 filtered out; finished in 0.00s

     Running tests\r7_fuzzy_matching.rs (target\debug\deps\r7_fuzzy_matching-4f78c252090fd8bf.exe)

running 0 tests

test result: ok. 0 passed; 0 failed; 0 ignored; 0 measured; 12 filtered out; finished in 0.00s

     Running tests\r7_json_functions.rs (target\debug\deps\r7_json_functions-58e6c77d7c1e43b0.exe)

running 0 tests

test result: ok. 0 passed; 0 failed; 0 ignored; 0 measured; 16 filtered out; finished in 0.00s

     Running tests\r7_regexp_functions.rs (target\debug\deps\r7_regexp_functions-b4d68604053febd6.exe)

running 0 tests

test result: ok. 0 passed; 0 failed; 0 ignored; 0 measured; 16 filtered out; finished in 0.00s

     Running tests\sqlserver_aggregates.rs (target\debug\deps\sqlserver_aggregates-c562baa40edd352c.exe)

running 5 tests
test test_count_star_compare ... ok
test test_sum_aggregate_compare ... ok
test test_avg_aggregate_compare ... ok
test test_group_by_aggregate_compare ... ok
test test_min_max_aggregate_compare ... ok

test result: ok. 5 passed; 0 failed; 0 ignored; 0 measured; 0 filtered out; finished in 0.08s

     Running tests\sqlserver_conversion.rs (target\debug\deps\sqlserver_conversion-cf81d8f43915d82f.exe)

running 4 tests
test test_cast_int_varchar_compare ... ok
test test_cast_decimal_compare ... ok
test test_cast_varchar_int_compare ... ok
test test_convert_date_style_compare ... ok

test result: ok. 4 passed; 0 failed; 0 ignored; 0 measured; 0 filtered out; finished in 0.02s

     Running tests\sqlserver_cte.rs (target\debug\deps\sqlserver_cte-a0091368e4207869.exe)

running 2 tests
test test_cte_simple_compare ... ok
test test_cte_join_compare ... ok

test result: ok. 2 passed; 0 failed; 0 ignored; 0 measured; 0 filtered out; finished in 0.11s

     Running tests\sqlserver_dates.rs (target\debug\deps\sqlserver_dates-1b9270986849d290.exe)

running 3 tests
test test_dateadd_compare ... ok
test test_datediff_compare ... ok
test test_year_month_day_compare ... ok

test result: ok. 3 passed; 0 failed; 0 ignored; 0 measured; 0 filtered out; finished in 0.13s

     Running tests\sqlserver_dml.rs (target\debug\deps\sqlserver_dml-5de9aef31432394e.exe)

running 7 tests
test test_insert_single_row_compare ... ok
test test_insert_null_compare ... ok
test test_insert_multi_row_compare ... ok
test test_update_multiple_compare ... ok
test test_delete_all_compare ... ok
test test_delete_compare ... ok
test test_update_compare ... ok

test result: ok. 7 passed; 0 failed; 0 ignored; 0 measured; 0 filtered out; finished in 0.16s

     Running tests\sqlserver_identity.rs (target\debug\deps\sqlserver_identity-7477104361ab7904.exe)

running 3 tests
test test_scope_identity_compare ... FAILED
test test_identity_seed_increment_compare ... ok
test test_identity_basic_compare ... ok

failures:

---- test_scope_identity_compare stdout ----

thread 'test_scope_identity_compare' (50164) panicked at crates\tsql_core\tests\sqlserver_identity.rs:184:5:
assertion `left == right` failed
  left: "NULL"
 right: "2"
note: run with `RUST_BACKTRACE=1` environment variable to display a backtrace


failures:
    test_scope_identity_compare

test result: FAILED. 2 passed; 1 failed; 0 ignored; 0 measured; 0 filtered out; finished in 0.07s

error: test failed, to rerun pass `-p tsql_core --test sqlserver_identity`
